// Jest Snapshot v1, https://goo.gl/fbAQLP

exports[`ToggleFullscreen actions rendering should render with fullscreen is turned off 1`] = `
<Button
  alignLeft={false}
  onClick={
    [MockFunction] {
      "calls": Array [
        Array [],
        Array [],
      ],
    }
  }
  title="ABC verkleinen"
>
  <Icon
    alignLeft={false}
    icon="minimize"
  />
</Button>
`;

exports[`ToggleFullscreen actions rendering should render with fullscreen is turned on 1`] = `
<Button
  alignLeft={false}
  onClick={
    [MockFunction] {
      "calls": Array [
        Array [],
        Array [],
      ],
    }
  }
  title="ABC verkleinen"
>
  <Icon
    alignLeft={false}
    icon="minimize"
  />
</Button>
`;
