// Jest Snapshot v1, https://goo.gl/fbAQLP

exports[`Button should render 1`] = `
<button
  className="button-new button-new__left"
  onClick={[MockFunction]}
  style={
    Object {
      "padding": "4px",
    }
  }
  title="This is a button"
  type="button"
>
  Hello, I am a button
</button>
`;
