// Jest Snapshot v1, https://goo.gl/fbAQLP

exports[`DataSelectionList should render without failing 1`] = `
<ul
  className="o-list u-margin__bottom--1"
>
  <li
    key="0/http://example.com"
  >
    <button
      className="o-btn o-btn--link"
      onClick={[Function]}
      type="button"
    >
      <DataSelectionFormatter
        useInline={true}
        variables={
          Array [
            Object {},
          ]
        }
      />
    </button>
  </li>
</ul>
`;
