// Jest Snapshot v1, https://goo.gl/fbAQLP

exports[`the root reducer combines many reducers 1`] = `
Object {
  "dataSearch": "dataSearch",
  "dataSelection": "dataSelection",
  "datasets": "datasets",
  "detail": "detail",
  "error": "error",
  "files": Object {
    "fileName": "",
    "fileUrl": "",
    "type": "default",
  },
  "filter": "filter",
  "location": "location",
  "map": "map",
  "mapDetail": "mapDetail",
  "mapLayers": Object {
    "baseLayers": "baseLayers",
    "layers": "layers",
    "panelLayers": "panelLayers",
  },
  "panorama": "panorama",
  "panoramaPreview": "panoramaPreview",
  "search": Object {
    "activeFilters": Array [],
    "page": 1,
    "sort": null,
  },
  "selection": "selection",
  "ui": "ui",
  "user": "user",
}
`;
