// Jest Snapshot v1, https://goo.gl/fbAQLP

exports[`ShareBarContainer should render 1`] = `
<ShareBarComponent
  handlePageShare={[Function]}
  handlePrintMode={[Function]}
  hasPrintButton={false}
  sharePage={[Function]}
  showPrintMode={[Function]}
/>
`;
