// Jest Snapshot v1, https://goo.gl/fbAQLP

exports[`HomepageDatasetsThemesBlock.test should render 1`] = `
<HomepageBlock
  blockIsLink={false}
  classes="c-homepage__block--left c-homepage__block--datasets"
  description="Blader door datasets (verzamelingen gegevens)"
  hasTallDescription={false}
  linkAction={
    Object {
      "type": "atlasRouter/DATASETS",
    }
  }
  title="Datasetcatalogus"
>
  <div
    className="c-catalogus-themes"
  >
    <div
      className="u-grid"
    >
      <div
        className="u-row"
      >
        <div
          className="u-col-sm--6"
          key="0"
        >
          <div
            className="c-catalogus-themes__column c-catalogus-themes__column--left"
          >
            <ul>
              <li
                key="verkeer-infrastructuur"
              >
                <Connect(Link)
                  className="qa-theme-link c-catalogus-themes__link c-catalogus-themes__icon c-catalogus-themes__icon--parkeren-beheer"
                  data-test="themes-block-link"
                  to={
                    Object {
                      "meta": Object {
                        "additionalParams": Object {
                          "filters": Object {
                            "groups": "verkeer-infrastructuur",
                          },
                        },
                        "preserve": true,
                      },
                      "type": "atlasRouter/DATASETS",
                    }
                  }
                >
                  <div
                    className="c-catalogus-themes__link__text"
                  >
                    Verkeer en infrastructuur
                  </div>
                </Connect(Link)>
              </li>
              <li
                key="toerisme-cultuur"
              >
                <Connect(Link)
                  className="qa-theme-link c-catalogus-themes__link c-catalogus-themes__icon c-catalogus-themes__icon--toerisme"
                  data-test="themes-block-link"
                  to={
                    Object {
                      "meta": Object {
                        "additionalParams": Object {
                          "filters": Object {
                            "groups": "toerisme-cultuur",
                          },
                        },
                        "preserve": true,
                      },
                      "type": "atlasRouter/DATASETS",
                    }
                  }
                >
                  <div
                    className="c-catalogus-themes__link__text"
                  >
                    Toerisme en cultuur
                  </div>
                </Connect(Link)>
              </li>
              <li
                key="geografie"
              >
                <Connect(Link)
                  className="qa-theme-link c-catalogus-themes__link c-catalogus-themes__icon c-catalogus-themes__icon--kaart"
                  data-test="themes-block-link"
                  to={
                    Object {
                      "meta": Object {
                        "additionalParams": Object {
                          "filters": Object {
                            "groups": "geografie",
                          },
                        },
                        "preserve": true,
                      },
                      "type": "atlasRouter/DATASETS",
                    }
                  }
                >
                  <div
                    className="c-catalogus-themes__link__text"
                  >
                    Geografie
                  </div>
                </Connect(Link)>
              </li>
              <li
                key="bevolking"
              >
                <Connect(Link)
                  className="qa-theme-link c-catalogus-themes__link c-catalogus-themes__icon c-catalogus-themes__icon--bevolking"
                  data-test="themes-block-link"
                  to={
                    Object {
                      "meta": Object {
                        "additionalParams": Object {
                          "filters": Object {
                            "groups": "bevolking",
                          },
                        },
                        "preserve": true,
                      },
                      "type": "atlasRouter/DATASETS",
                    }
                  }
                >
                  <div
                    className="c-catalogus-themes__link__text"
                  >
                    Bevolking
                  </div>
                </Connect(Link)>
              </li>
            </ul>
          </div>
        </div>
        <div
          className="u-col-sm--6"
          key="1"
        >
          <div
            className="c-catalogus-themes__column c-catalogus-themes__column--right"
          >
            <ul>
              <li
                key="openbare-ruimte-groen"
              >
                <Connect(Link)
                  className="qa-theme-link c-catalogus-themes__link c-catalogus-themes__icon c-catalogus-themes__icon--openbare-ruimte"
                  data-test="themes-block-link"
                  to={
                    Object {
                      "meta": Object {
                        "additionalParams": Object {
                          "filters": Object {
                            "groups": "openbare-ruimte-groen",
                          },
                        },
                        "preserve": true,
                      },
                      "type": "atlasRouter/DATASETS",
                    }
                  }
                >
                  <div
                    className="c-catalogus-themes__link__text"
                  >
                    Openbare ruimte en groen
                  </div>
                </Connect(Link)>
              </li>
              <li
                key="stedelijke-ontwikkeling"
              >
                <Connect(Link)
                  className="qa-theme-link c-catalogus-themes__link c-catalogus-themes__icon c-catalogus-themes__icon--stedelijke-ontwikkeling"
                  data-test="themes-block-link"
                  to={
                    Object {
                      "meta": Object {
                        "additionalParams": Object {
                          "filters": Object {
                            "groups": "stedelijke-ontwikkeling",
                          },
                        },
                        "preserve": true,
                      },
                      "type": "atlasRouter/DATASETS",
                    }
                  }
                >
                  <div
                    className="c-catalogus-themes__link__text"
                  >
                    Stedelijke ontwikkeling
                  </div>
                </Connect(Link)>
              </li>
              <li
                key="zorg-welzijn"
              >
                <Connect(Link)
                  className="qa-theme-link c-catalogus-themes__link c-catalogus-themes__icon c-catalogus-themes__icon--gezondheid-zorg-welzijn"
                  data-test="themes-block-link"
                  to={
                    Object {
                      "meta": Object {
                        "additionalParams": Object {
                          "filters": Object {
                            "groups": "zorg-welzijn",
                          },
                        },
                        "preserve": true,
                      },
                      "type": "atlasRouter/DATASETS",
                    }
                  }
                >
                  <div
                    className="c-catalogus-themes__link__text"
                  >
                    Zorg en welzijn
                  </div>
                </Connect(Link)>
              </li>
              <li
                key="energie"
              >
                <Connect(Link)
                  className="qa-theme-link c-catalogus-themes__link c-catalogus-themes__icon c-catalogus-themes__icon--energie"
                  data-test="themes-block-link"
                  to={
                    Object {
                      "meta": Object {
                        "additionalParams": Object {
                          "filters": Object {
                            "groups": "energie",
                          },
                        },
                        "preserve": true,
                      },
                      "type": "atlasRouter/DATASETS",
                    }
                  }
                >
                  <div
                    className="c-catalogus-themes__link__text"
                  >
                    Energie
                  </div>
                </Connect(Link)>
              </li>
            </ul>
          </div>
        </div>
      </div>
    </div>
  </div>
</HomepageBlock>
`;
