// Jest Snapshot v1, https://goo.gl/fbAQLP

exports[`DatasetsDetailContainer should render 1`] = `
<div
  className="c-dashboard__content qa-detail"
>
  <AngularWrapper
    bindings={
      Object {
        "catalogFilters": Object {},
        "isLoading": false,
        "user": Object {},
      }
    }
    component="dpDetail"
    dependencies={
      Array [
        "atlas",
      ]
    }
    interpolateBindings={
      Object {
        "endpoint": "https://acc.api.data.amsterdam.nl/dcatd/datasets/1",
      }
    }
    moduleName="dpDetailWrapper"
  />
</div>
`;
