// Jest Snapshot v1, https://goo.gl/fbAQLP

exports[`MapDetailEvenement should render everything 1`] = `
<Connect(MapDetailResultWrapper)
  onMaximize={[MockFunction]}
  onPanoPreviewClick={[MockFunction]}
  panoUrl="panoUrl"
  subTitle="Evenement label"
  title="Evenement"
>
  <ul
    className="map-detail-result__list"
  >
    <MapDetailResultItem
      label="Startdatum"
      value="12-12-2012"
    />
    <MapDetailResultItem
      label="Einddatum"
      value="12-12-2012"
    />
    <MapDetailResultUrlItem
      description="https://evenement/link"
      label="Meer informatie"
      link="https://evenement/link"
    />
  </ul>
</Connect(MapDetailResultWrapper)>
`;
