// Jest Snapshot v1, https://goo.gl/fbAQLP

exports[`MapDetailParkeervak should render everything 1`] = `
<Connect(MapDetailResultWrapper)
  onMaximize={[MockFunction]}
  onPanoPreviewClick={[MockFunction]}
  panoUrl="panoUrl"
  title="Parkeervak"
>
  <ul
    className="map-detail-result__list"
  >
    <MapDetailResultItem
      hasMultiline={false}
      label="Straat"
      value="Straatnaam"
    />
    <MapDetailResultItem
      hasMultiline={false}
      label="Type"
      value=""
    />
    <MapDetailResultItem
      hasMultiline={false}
      label="Bord"
      value="bord"
    />
  </ul>
</Connect(MapDetailResultWrapper)>
`;
