// Jest Snapshot v1, https://goo.gl/fbAQLP

exports[`TabBarContainer should render the container with the basic properties 1`] = `
<TabBar
  goToDatasets={[Function]}
  searchQuery="dam"
  showDatasetsButton={false}
  totalNumberOfResults={1}
/>
`;
