// Jest Snapshot v1, https://goo.gl/fbAQLP

exports[`Video should render 1`] = `
<video
  className="c-video__element"
  data-object-fit={true}
  loop={true}
  muted={true}
  poster="/assets/video/map.jpg"
  preload="metadata"
>
  <source
    src="/assets/video/map.mp4"
    type="video/mp4"
  />
</video>
`;
