// Jest Snapshot v1, https://goo.gl/fbAQLP

exports[`MapDetailExplosievenVerdachtGebied should render everything 1`] = `
<Connect(MapDetailResultWrapper)
  onMaximize={[MockFunction]}
  onPanoPreviewClick={[MockFunction]}
  panoUrl="panoUrl"
  subTitle="Verdacht gebied label"
  title="Verdacht gebied"
>
  <ul
    className="map-detail-result__list"
  >
    <MapDetailResultItem
      hasMultiline={false}
      label="Hoofdgroep"
      link={false}
      value="Verdacht gebied type"
    />
    <MapDetailResultItem
      hasMultiline={false}
      label="Subsoort"
      link={false}
      value="Verdacht gebied sub type"
    />
    <MapDetailResultItem
      hasMultiline={true}
      label="Opmerkingen"
      link={false}
      value="Verdacht gebied remarks"
    />
  </ul>
</Connect(MapDetailResultWrapper)>
`;
