// Jest Snapshot v1, https://goo.gl/fbAQLP

exports[`MapDetailGebiedenUnesco should render everything 1`] = `
<Connect(MapDetailResultWrapper)
  onMaximize={[MockFunction]}
  onPanoPreviewClick={[MockFunction]}
  panoUrl="panoUrl"
  subTitle="Unesco label"
  title="UNESCO"
/>
`;
