// Jest Snapshot v1, https://goo.gl/fbAQLP

exports[`MapLayer should render 1`] = `
<div
  className="map-layers"
>
  <h3
    className="u-sr-only"
  >
    Beschikbare kaartlagen
  </h3>
  <ul>
    <li
      className="map-layers__category"
      key="id1"
    >
      <h4
        className="map-layers__category-text"
      >
        foo
      </h4>
      <ul>
        <li
          className="
                      map-layers__title
                      map-layers__title--inactive
                    "
          key="Foo Layer"
        >
          <button
            onClick={[Function]}
            type="button"
          >
            <span
              className="map-layers__toggle-title"
            >
              Foo Layer
            </span>
            <span
              className="map-layers__toggle map-layers__toggle--remove"
            />
            <span
              className="map-layers__toggle map-layers__toggle--add"
            />
          </button>
        </li>
        <li
          className="
                      map-layers__title
                      map-layers__title--inactive
                    "
          key="Foo Layer"
        >
          <button
            onClick={[Function]}
            type="button"
          >
            <span
              className="map-layers__toggle-title"
            >
              Foo Layer
            </span>
            <span
              className="map-layers__toggle map-layers__toggle--remove"
            />
            <span
              className="map-layers__toggle map-layers__toggle--add"
            />
          </button>
        </li>
      </ul>
    </li>
  </ul>
</div>
`;

exports[`MapLayer should render without active layers 1`] = `
<div
  className="map-layers"
>
  <h3
    className="u-sr-only"
  >
    Beschikbare kaartlagen
  </h3>
  <ul>
    <li
      className="map-layers__category"
      key="id1"
    >
      <h4
        className="map-layers__category-text"
      >
        foo
      </h4>
      <ul>
        <li
          className="
                      map-layers__title
                      map-layers__title--inactive
                    "
          key="Foo Layer"
        >
          <button
            onClick={[Function]}
            type="button"
          >
            <span
              className="map-layers__toggle-title"
            >
              Foo Layer
            </span>
            <span
              className="map-layers__toggle map-layers__toggle--remove"
            />
            <span
              className="map-layers__toggle map-layers__toggle--add"
            />
          </button>
        </li>
        <li
          className="
                      map-layers__title
                      map-layers__title--inactive
                    "
          key="Foo Layer"
        >
          <button
            onClick={[Function]}
            type="button"
          >
            <span
              className="map-layers__toggle-title"
            >
              Foo Layer
            </span>
            <span
              className="map-layers__toggle map-layers__toggle--remove"
            />
            <span
              className="map-layers__toggle map-layers__toggle--add"
            />
          </button>
        </li>
      </ul>
    </li>
  </ul>
</div>
`;
