// Jest Snapshot v1, https://goo.gl/fbAQLP

exports[`Dataset should render the component 1`] = `
<div>
  <Connect(DatasetActiveFilters) />
  <div
    className="u-grid qa-data-grid"
  >
    <div
      className="u-row"
    >
      <div
        className="u-col-sm--12"
      >
        <div>
          <Catalog
            catalogFilters={Object {}}
            content={Array []}
          />
        </div>
        <AngularWrapper
          bindings={
            Object {
              "currentPage": 1,
              "numberOfPages": undefined,
              "setPage": [Function],
            }
          }
          component="dpDataSelectionPagination"
          dependencies={
            Array [
              "atlas",
            ]
          }
          interpolateBindings={Object {}}
          moduleName="dpDataSelectionPaginationWrapper"
        />
        <div
          className="u-row"
        >
          <div
            className="u-col-sm--12"
          >
            <div
              className="u-margin__top--4"
            >
              <Connect(ShareBar) />
            </div>
          </div>
        </div>
      </div>
    </div>
  </div>
</div>
`;

exports[`Dataset should render the container 1`] = `
<Dataset
  activeFilters={Object {}}
  apiSpecification={Object {}}
  page={1}
  results={Object {}}
  setPage={[Function]}
/>
`;
