// Jest Snapshot v1, https://goo.gl/fbAQLP

exports[`NotAuthorizedMessage should render everything 1`] = `
<Notification
  type="warning"
>
  <div>
    <p
      className="c-panel__paragraph"
    >
      Medewerkers/ketenpartners van Gemeente Amsterdam kunnen inloggen om maatschappelijke activiteiten en vestigingen te bekijken. 
    </p>
    <Connect(LoginLink) />
  </div>
</Notification>
`;
