// Jest Snapshot v1, https://goo.gl/fbAQLP

exports[`Catalog Reducer should set the initial state 1`] = `
Object {
  "endpoint": undefined,
}
`;
