// Jest Snapshot v1, https://goo.gl/fbAQLP

exports[`PublicationsPage should render the publication when there are results 1`] = `
<div
  class="c-dashboard__page o-max-width"
>
  <div
    class="sc-jhAzac hhZpgF"
  >
    <div
      class="sc-fBuWsC cpXXyN"
    >
      <div
        class="sc-fMiknA duARQi"
      >
        <div
          class="sc-hzDkRC gFrWgH"
        />
      </div>
    </div>
  </div>
</div>
`;
